******************************************************************************
                  TI ARM Linker PC v18.1.2                     
******************************************************************************
>> Linked Fri Dec  7 11:25:26 2018

OUTPUT FILE NAME:   <lab2.out>
ENTRY POINT SYMBOL: "_c_int00_noargs"  address: 00004781


MEMORY CONFIGURATION

         name            origin    length      used     unused   attr    fill
----------------------  --------  ---------  --------  --------  ----  --------
  FLASH                 00000000   00040000  00004cf8  0003b308  R  X
  SRAM                  20000000   00008000  00006be9  00001417  RW X


SEGMENT ALLOCATION MAP

run origin  load origin   length   init length attrs members
----------  ----------- ---------- ----------- ----- -------
00000000    00000000    00004cf8   00004cf8    r-x
  00000000    00000000    0000026c   0000026c    r-- .intvecs
  0000026c    0000026c    000048d4   000048d4    r-x .text
  00004b40    00004b40    00000110   00000110    r-- .const
  00004c50    00004c50    000000a8   000000a8    r-- .cinit
20000000    20000000    00006bed   00000000    rw-
  20000000    20000000    0000026c   00000000    rw- .vtable
  20000270    20000270    000032c8   00000000    rw- .stack
  20003538    20003538    000032c8   00000000    rw- .sysmem
  20006800    20006800    00000204   00000000    rw- .data
  20006a04    20006a04    000001e9   00000000    rw- .bss


SECTION ALLOCATION MAP

 output                                  attributes/
section   page    origin      length       input sections
--------  ----  ----------  ----------   ----------------
.intvecs   0    00000000    0000026c     
                  00000000    0000026c     tm4c123gh6pm_startup_ccs.obj (.intvecs)

.text      0    0000026c    000048d4     
                  0000026c    00000b90     move.obj (.text)
                  00000dfc    00000a88     openinterface.obj (.text)
                  00001884    00000a5e     rtsv7M4_T_le_v4SPD16_eabi.lib : _printfi.c.obj (.text:__TI_printfi)
                  000022e2    00000002                                   : _lock.c.obj (.text:_nop)
                  000022e4    00000270                                   : _printfi.c.obj (.text:_pconv_a)
                  00002554    0000024c     pulse.obj (.text)
                  000027a0    00000200     scan.obj (.text)
                  000029a0    000001d0     rtsv7M4_T_le_v4SPD16_eabi.lib : _printfi.c.obj (.text:_pconv_g)
                  00002b70    000001b6                                   : fd_add_t2.asm.obj (.text)
                  00002d26    00000002                                   : div0.asm.obj (.text)
                  00002d28    00000158     timer.obj (.text)
                  00002e80    0000013c     rtsv7M4_T_le_v4SPD16_eabi.lib : _printfi.c.obj (.text:_pconv_e)
                  00002fbc    00000136                                   : fd_div_t2.asm.obj (.text)
                  000030f2    00000002     --HOLE-- [fill = 0]
                  000030f4    00000120                                   : _printfi.c.obj (.text:fcvt)
                  00003214    0000011c     uart.obj (.text)
                  00003330    00000114     rtsv7M4_T_le_v4SPD16_eabi.lib : fputs.c.obj (.text:fputs)
                  00003444    00000110                                   : s_scalbn.c.obj (.text:scalbn)
                  00003554    000000fc                                   : fd_mul_t2.asm.obj (.text)
                  00003650    000000f4     servo.obj (.text)
                  00003744    000000dc     rtsv7M4_T_le_v4SPD16_eabi.lib : setvbuf.c.obj (.text:setvbuf)
                  00003820    000000d8                                   : memory.c.obj (.text:free)
                  000038f8    000000d4     adc.obj (.text)
                  000039cc    000000b1     rtsv7M4_T_le_v4SPD16_eabi.lib : _printfi.c.obj (.text:_ltostr)
                  00003a7d    00000001     --HOLE-- [fill = 0]
                  00003a7e    0000009c                                   : memcpy_t2.asm.obj (.text)
                  00003b1a    00000096                                   : ull_div_t2.asm.obj (.text)
                  00003bb0    0000008c                                   : fputc.c.obj (.text:fputc)
                  00003c3c    00000086                                   : fd_cmp_t2.asm.obj (.text:__aeabi_cdcmple)
                  00003cc2    00000086                                   : fd_cmp_t2.asm.obj (.text:__aeabi_cdrcmple)
                  00003d48    0000007a                                   : memset_t2.asm.obj (.text)
                  00003dc2    00000002     --HOLE-- [fill = 0]
                  00003dc4    00000078                                   : memory.c.obj (.text:malloc)
                  00003e3c    00000074                                   : fclose.c.obj (.text:__TI_closefile)
                  00003eb0    0000006e                                   : _printfi.c.obj (.text:_mcpy)
                  00003f1e    00000002     --HOLE-- [fill = 0]
                  00003f20    00000068                                   : hostlseek.c.obj (.text:HOSTlseek)
                  00003f88    00000068                                   : hostrename.c.obj (.text:HOSTrename)
                  00003ff0    00000068                                   : copy_decompress_lzss.c.obj (.text:decompress:lzss:__TI_decompress_lzss)
                  00004058    00000068                                   : printf.c.obj (.text:printf)
                  000040c0    00000064                                   : s_frexp.c.obj (.text:frexp)
                  00004124    00000064                                   : fseek.c.obj (.text:fseek)
                  00004188    00000062                                   : _io_perm.c.obj (.text:__TI_wrt_ok)
                  000041ea    00000002     --HOLE-- [fill = 0]
                  000041ec    00000060                                   : hostopen.c.obj (.text:HOSTopen)
                  0000424c    0000005c                                   : close.c.obj (.text:close)
                  000042a8    00000058                                   : hostread.c.obj (.text:HOSTread)
                  00004300    00000058                                   : hostwrite.c.obj (.text:HOSTwrite)
                  00004358    00000056                                   : _printfi.c.obj (.text:_pconv_f)
                  000043ae    00000054                                   : ltoa.c.obj (.text:ltoa)
                  00004402    00000052                                   : _printfi.c.obj (.text:_ecpy)
                  00004454    0000004c                                   : fflush.c.obj (.text:__TI_doflush)
                  000044a0    0000004c                                   : atoi.c.obj (.text:atoi)
                  000044ec    00000048                                   : exit.c.obj (.text:exit)
                  00004534    00000048                                   : fd_toi_t2.asm.obj (.text)
                  0000457c    00000044                                   : hostclose.c.obj (.text:HOSTclose)
                  000045c0    00000044                                   : hostunlink.c.obj (.text:HOSTunlink)
                  00004604    00000044                                   : autoinit.c.obj (.text:__TI_auto_init_nobinit_nopinit:__TI_auto_init_nobinit_nopinit)
                  00004648    00000044                                   : getdevice.c.obj (.text:getdevice)
                  0000468c    00000040                                   : sprintf.c.obj (.text:sprintf)
                  000046cc    0000003e                                   : _printfi.c.obj (.text:_fcpy)
                  0000470a    00000002     --HOLE-- [fill = 0]
                  0000470c    0000003c                                   : memory.c.obj (.text:minsert)
                  00004748    00000038                                   : trgmsg.c.obj (.text:__TI_writemsg)
                  00004780    00000038                                   : boot_cortex_m.c.obj (.text:_c_int00_noargs:_c_int00_noargs)
                  000047b8    00000038                                   : memory.c.obj (.text:minit)
                  000047f0    00000036                                   : strncpy.c.obj (.text:strncpy)
                  00004826    00000002     --HOLE-- [fill = 0]
                  00004828    00000034     driverlib.lib : interrupt.obj (.text:IntRegister)
                  0000485c    00000034     rtsv7M4_T_le_v4SPD16_eabi.lib : fopen.c.obj (.text:__TI_cleanup)
                  00004890    00000034                                   : trgmsg.c.obj (.text:__TI_readmsg)
                  000048c4    00000030                                   : getdevice.c.obj (.text:finddevice)
                  000048f4    0000002e                                   : i_tofd_t2.asm.obj (.text)
                  00004922    00000002     --HOLE-- [fill = 0]
                  00004924    0000002c                                   : unlink.c.obj (.text:unlink)
                  00004950    0000002a                                   : memory.c.obj (.text:calloc)
                  0000497a    00000002     --HOLE-- [fill = 0]
                  0000497c    00000028                                   : lseek.c.obj (.text:lseek)
                  000049a4    00000028                                   : memory.c.obj (.text:mremove)
                  000049cc    00000028                                   : write.c.obj (.text:write)
                  000049f4    00000020                                   : memchr.c.obj (.text:memchr)
                  00004a14    0000001c                                   : memccpy.c.obj (.text:memccpy)
                  00004a30    00000018                                   : sprintf.c.obj (.text:_outs)
                  00004a48    00000018     openinterface.obj (.text:oi_parseInt)
                  00004a60    00000018     rtsv7M4_T_le_v4SPD16_eabi.lib : strcmp.c.obj (.text:strcmp)
                  00004a78    00000016                                   : strchr.c.obj (.text:strchr)
                  00004a8e    00000014                                   : s_copysign.c.obj (.text:copysign)
                  00004aa2    00000014                                   : strcpy.c.obj (.text:strcpy)
                  00004ab6    00000014                                   : strlen.c.obj (.text:strlen)
                  00004aca    00000012                                   : wcslen.c.obj (.text:wcslen)
                  00004adc    00000010     driverlib.lib : interrupt.obj (.text:IntMasterEnable)
                  00004aec    0000000e     rtsv7M4_T_le_v4SPD16_eabi.lib : copy_decompress_none.c.obj (.text:decompress:none:__TI_decompress_none)
                  00004afa    0000000c     driverlib.lib : cpu.obj (.text:CPUcpsie)
                  00004b06    0000000c     rtsv7M4_T_le_v4SPD16_eabi.lib : copy_zero_init.c.obj (.text:decompress:ZI:__TI_zero_init)
                  00004b12    0000000c     tm4c123gh6pm_startup_ccs.obj (.text)
                  00004b1e    0000000a     rtsv7M4_T_le_v4SPD16_eabi.lib : sprintf.c.obj (.text:_outc)
                  00004b28    00000008                                   : errno.c.obj (.text:__aeabi_errno_addr)
                  00004b30    00000004                                   : printf.c.obj (.text:_outc)
                  00004b34    00000004                                   : printf.c.obj (.text:_outs)
                  00004b38    00000004                                   : pre_init.c.obj (.text:_system_pre_init)
                  00004b3c    00000004                                   : exit.c.obj (.text:abort:abort)

.const     0    00004b40    00000110     
                  00004b40    00000101     rtsv7M4_T_le_v4SPD16_eabi.lib : ctype.c.obj (.const:.string:_ctypes_)
                  00004c41    0000000f     openinterface.obj (.const:.string:$P$T0$3)

.cinit     0    00004c50    000000a8     
                  00004c50    00000072     (.cinit..data.load) [load image, compression = lzss]
                  00004cc2    00000002     --HOLE-- [fill = 0]
                  00004cc4    0000000c     (__TI_handler_table)
                  00004cd0    00000008     (.cinit..bss.load) [load image, compression = zero_init]
                  00004cd8    00000008     (.cinit..vtable.load) [load image, compression = zero_init]
                  00004ce0    00000018     (__TI_cinit_table)

.init_array 
*          0    00000000    00000000     UNINITIALIZED

.vtable    0    20000000    0000026c     UNINITIALIZED
                  20000000    0000026c     driverlib.lib : interrupt.obj (.vtable)

.stack     0    20000270    000032c8     UNINITIALIZED
                  20000270    00000004     rtsv7M4_T_le_v4SPD16_eabi.lib : boot_cortex_m.c.obj (.stack)
                  20000274    000032c4     --HOLE--

.sysmem    0    20003538    000032c8     UNINITIALIZED
                  20003538    00000008     rtsv7M4_T_le_v4SPD16_eabi.lib : memory.c.obj (.sysmem)
                  20003540    000032c0     --HOLE--

.data      0    20006800    00000204     UNINITIALIZED
                  20006800    000000f0     rtsv7M4_T_le_v4SPD16_eabi.lib : defs.c.obj (.data:_ftable)
                  200068f0    00000078                                   : write.c.obj (.data:_device)
                  20006968    00000050                                   : write.c.obj (.data:_stream)
                  200069b8    00000010     openinterface.obj (.data)
                  200069c8    00000010     rtsv7M4_T_le_v4SPD16_eabi.lib : defs.c.obj (.data)
                  200069d8    0000000c                                   : exit.c.obj (.data:$O1$$)
                  200069e4    0000000c                                   : memory.c.obj (.data:$O1$$)
                  200069f0    00000008                                   : _lock.c.obj (.data:$O1$$)
                  200069f8    00000004     pulse.obj (.data)
                  200069fc    00000004     rtsv7M4_T_le_v4SPD16_eabi.lib : errno.c.obj (.data)
                  20006a00    00000004     servo.obj (.data)

.bss       0    20006a04    000001e9     UNINITIALIZED
                  20006a04    00000120     rtsv7M4_T_le_v4SPD16_eabi.lib : trgmsg.c.obj (.bss:_CIOBUF_)
                  20006b24    000000a0     (.common:__TI_tmpnams)
                  20006bc4    00000018     openinterface.obj (.bss:firmware$2)
                  20006bdc    00000008     (.common:parmbuf)
                  20006be4    00000004     (.common:falling_time)
                  20006be8    00000004     (.common:rising_time)
                  20006bec    00000001     (.common:state)

MODULE SUMMARY

       Module                         code    ro data   rw data
       ------                         ----    -------   -------
    .\
       move.obj                       2960    0         0      
       openinterface.obj              2720    15        40     
       tm4c123gh6pm_startup_ccs.obj   12      620       0      
       pulse.obj                      588     0         13     
       scan.obj                       512     0         0      
       timer.obj                      344     0         0      
       uart.obj                       284     0         0      
       servo.obj                      244     0         4      
       adc.obj                        212     0         0      
    +--+------------------------------+-------+---------+---------+
       Total:                         7876    635       57     
                                                               
    C:/ti/TivaWare_C_Series-2.1.4.178/driverlib/ccs/Debug/driverlib.lib
       interrupt.obj                  68      0         620    
       cpu.obj                        12      0         0      
    +--+------------------------------+-------+---------+---------+
       Total:                         80      0         620    
                                                               
    C:\ti\ccsv8\tools\compiler\ti-cgt-arm_18.1.2.LTS\lib\rtsv7M4_T_le_v4SPD16_eabi.lib
       _printfi.c.obj                 4863    0         0      
       memory.c.obj                   534     0         12     
       fd_add_t2.asm.obj              438     0         0      
       defs.c.obj                     0       0         416    
       trgmsg.c.obj                   108     0         288    
       fd_div_t2.asm.obj              310     0         0      
       fputs.c.obj                    276     0         0      
       s_scalbn.c.obj                 272     0         0      
       fd_cmp_t2.asm.obj              268     0         0      
       ctype.c.obj                    0       257       0      
       fd_mul_t2.asm.obj              252     0         0      
       write.c.obj                    40      0         200    
       setvbuf.c.obj                  220     0         0      
       memcpy_t2.asm.obj              156     0         0      
       ull_div_t2.asm.obj             150     0         0      
       fputc.c.obj                    140     0         0      
       memset_t2.asm.obj              122     0         0      
       fclose.c.obj                   116     0         0      
       getdevice.c.obj                116     0         0      
       printf.c.obj                   112     0         0      
       copy_decompress_lzss.c.obj     104     0         0      
       hostlseek.c.obj                104     0         0      
       hostopen.c.obj                 96      0         8      
       hostrename.c.obj               104     0         0      
       fseek.c.obj                    100     0         0      
       s_frexp.c.obj                  100     0         0      
       _io_perm.c.obj                 98      0         0      
       sprintf.c.obj                  98      0         0      
       close.c.obj                    92      0         0      
       exit.c.obj                     76      0         12     
       hostread.c.obj                 88      0         0      
       hostwrite.c.obj                88      0         0      
       ltoa.c.obj                     84      0         0      
       atoi.c.obj                     76      0         0      
       fflush.c.obj                   76      0         0      
       fd_toi_t2.asm.obj              72      0         0      
       autoinit.c.obj                 68      0         0      
       hostclose.c.obj                68      0         0      
       hostunlink.c.obj               68      0         0      
       boot_cortex_m.c.obj            56      0         0      
       strncpy.c.obj                  54      0         0      
       fopen.c.obj                    52      0         0      
       i_tofd_t2.asm.obj              46      0         0      
       unlink.c.obj                   44      0         0      
       lseek.c.obj                    40      0         0      
       memchr.c.obj                   32      0         0      
       memccpy.c.obj                  28      0         0      
       strcmp.c.obj                   24      0         0      
       strchr.c.obj                   22      0         0      
       s_copysign.c.obj               20      0         0      
       strcpy.c.obj                   20      0         0      
       strlen.c.obj                   20      0         0      
       wcslen.c.obj                   18      0         0      
       copy_decompress_none.c.obj     14      0         0      
       copy_zero_init.c.obj           12      0         0      
       errno.c.obj                    8       0         4      
       _lock.c.obj                    2       0         8      
       pre_init.c.obj                 4       0         0      
       div0.asm.obj                   2       0         0      
    +--+------------------------------+-------+---------+---------+
       Total:                         10671   257       948    
                                                               
       Heap:                          0       0         13000  
       Stack:                         0       0         13000  
       Linker Generated:              0       166       0      
    +--+------------------------------+-------+---------+---------+
       Grand Total:                   18627   1058      27625  


LINKER GENERATED COPY TABLES

__TI_cinit_table @ 00004ce0 records: 3, size/record: 8, table size: 24
	.data: load addr=00004c50, load size=00000072 bytes, run addr=20006800, run size=00000204 bytes, compression=lzss
	.bss: load addr=00004cd0, load size=00000008 bytes, run addr=20006a04, run size=000001e9 bytes, compression=zero_init
	.vtable: load addr=00004cd8, load size=00000008 bytes, run addr=20000000, run size=0000026c bytes, compression=zero_init


LINKER GENERATED HANDLER TABLE

__TI_handler_table @ 00004cc4 records: 3, size/record: 4, table size: 12
	index: 0, handler: __TI_zero_init
	index: 1, handler: __TI_decompress_lzss
	index: 2, handler: __TI_decompress_none


GLOBAL SYMBOLS: SORTED ALPHABETICALLY BY Name 

address   name                           
-------   ----                           
00004b3d  C$$EXIT                        
00004777  C$$IO$$                        
00004afb  CPUcpsie                       
000016f5  GPIOF_Handler                  
0000457d  HOSTclose                      
00003f21  HOSTlseek                      
000041ed  HOSTopen                       
000042a9  HOSTread                       
00003f89  HOSTrename                     
000045c1  HOSTunlink                     
00004301  HOSTwrite                      
00004add  IntMasterEnable                
00004829  IntRegister                    
00004b13  ResetISR                       
00002555  TIMER3B_Handler                
20006a04  __CIOBUF_                      
20003538  __STACK_END                    
000032c8  __STACK_SIZE                   
20000470  __STACK_TOP                    
000032c8  __SYSMEM_SIZE                  
00004ce0  __TI_CINIT_Base                
00004cf8  __TI_CINIT_Limit               
00004cc4  __TI_Handler_Table_Base        
00004cd0  __TI_Handler_Table_Limit       
00004605  __TI_auto_init_nobinit_nopinit 
0000485d  __TI_cleanup                   
200069d8  __TI_cleanup_ptr               
00003e3d  __TI_closefile                 
00003ff1  __TI_decompress_lzss           
00004aed  __TI_decompress_none           
00004455  __TI_doflush                   
200069dc  __TI_dtors_ptr                 
200069e0  __TI_enable_exit_profile_output
200069c8  __TI_ft_end                    
ffffffff  __TI_pprof_out_hndl            
00001885  __TI_printfi                   
ffffffff  __TI_prof_data_size            
ffffffff  __TI_prof_data_start           
00004891  __TI_readmsg                   
00000000  __TI_static_base__             
20006b24  __TI_tmpnams                   
00004749  __TI_writemsg                  
00004189  __TI_wrt_ok                    
00004b07  __TI_zero_init                 
00003c3d  __aeabi_cdcmpeq                
00003c3d  __aeabi_cdcmple                
00003cc3  __aeabi_cdrcmple               
00004535  __aeabi_d2iz                   
00002b7b  __aeabi_dadd                   
00002fbd  __aeabi_ddiv                   
00003555  __aeabi_dmul                   
00002b71  __aeabi_dsub                   
00004b29  __aeabi_errno_addr             
000048f5  __aeabi_i2d                    
00002d27  __aeabi_idiv0                  
00002d27  __aeabi_ldiv0                  
00003d49  __aeabi_memclr                 
00003d49  __aeabi_memclr4                
00003d49  __aeabi_memclr8                
00003a7f  __aeabi_memcpy                 
00003a7f  __aeabi_memcpy4                
00003a7f  __aeabi_memcpy8                
00003d4b  __aeabi_memset                 
00003d4b  __aeabi_memset4                
00003d4b  __aeabi_memset8                
200069d4  __aeabi_stderr                 
200069cc  __aeabi_stdin                  
200069d0  __aeabi_stdout                 
00003b1b  __aeabi_uldivmod               
ffffffff  __binit__                      
ffffffff  __c_args__                     
UNDEFED   __mpu_init                     
20000270  __stack                        
00004781  _c_int00_noargs                
00004b40  _ctypes_                       
200068f0  _device                        
20006800  _ftable                        
200069f0  _lock                          
000022e3  _nop                           
20006968  _stream                        
20003538  _sys_memory                    
UNDEFED   _system_post_cinit             
00004b39  _system_pre_init               
200069f4  _unlock                        
00004b3d  abort                          
000038f9  adc_init                       
000044a1  atoi                           
ffffffff  binit                          
00004951  calloc                         
00000335  check_sensors                  
0000424d  close                          
00004a8f  copysign                       
00004a8f  copysignl                      
20006a00  count                          
200069fc  errno                          
000044ed  exit                           
20006be4  falling_time                   
00002945  find_edge                      
000048c5  finddevice                     
00003bb1  fputc                          
00003331  fputs                          
00003821  free                           
000040c1  frexp                          
000040c1  frexpl                         
00004125  fseek                          
20000000  g_pfnRAMVectors                
00000000  g_pfnVectors                   
000036d3  getCount                       
0000170f  getDegrees                     
00002725  getIsDone                      
00002735  getOver                        
0000396b  get_adc_data                   
00004649  getdevice                      
000004ab  goRobot                        
000014b1  go_charge                      
00003445  ldexp                          
00003445  ldexpl                         
0000497d  lseek                          
000043af  ltoa                           
0000026d  main                           
00003dc5  malloc                         
00004a15  memccpy                        
000049f5  memchr                         
00003a7f  memcpy                         
00003d51  memset                         
000047b9  minit                          
000007c1  move_backwards                 
00000515  move_forwards                  
00000dfd  oi_alloc                       
000015db  oi_checkFirmware               
00000e53  oi_close                       
00000e09  oi_free                        
00000e3d  oi_init                        
00000e19  oi_init_noupdate               
00001447  oi_loadSong                    
00004a49  oi_parseInt                    
00000eb7  oi_parsePacket                 
0000149d  oi_play_song                   
000013c1  oi_setLeds                     
00001405  oi_setWheels                   
00001683  oi_shutoff_init                
000014bf  oi_uartInit                    
00001563  oi_uartReceive                 
000015a9  oi_uartSendBuff                
00001547  oi_uartSendChar                
0000158b  oi_uartSendStr                 
00000e65  oi_update                      
200069f8  over                           
20006bdc  parmbuf                        
00004059  printf                         
000025b3  pulse_init                     
00003bb1  putc                           
00004925  remove                         
20006be8  rising_time                    
00003445  scalbn                         
00003445  scalbnl                        
000027b1  scan                           
000027a1  scan_init                      
00002653  send_pulse                     
00003651  servo_init                     
000036d9  servo_move                     
00003745  setvbuf                        
0000468d  sprintf                        
20006bec  state                          
00004a79  strchr                         
00004a61  strcmp                         
00004aa3  strcpy                         
00004ab7  strlen                         
000047f1  strncpy                        
000026ab  time2dist                      
00002e39  timer_getClock                 
00002ded  timer_startClock               
00002d87  timer_startTimer               
00002e3f  timer_stopClock                
00002dd7  timer_stopTimer                
00002d5d  timer_waitMicros               
00002d29  timer_waitMillis               
000009d7  turn_clockwise_                
00000bc9  turn_counter_Clockwise         
00003215  uart_init                      
000032b9  uart_receive                   
0000329d  uart_sendChar                  
000032df  uart_sendStr                   
00004925  unlink                         
00004acb  wcslen                         
000049cd  write                          


GLOBAL SYMBOLS: SORTED BY Symbol Address 

address   name                           
-------   ----                           
00000000  __TI_static_base__             
00000000  g_pfnVectors                   
0000026d  main                           
00000335  check_sensors                  
000004ab  goRobot                        
00000515  move_forwards                  
000007c1  move_backwards                 
000009d7  turn_clockwise_                
00000bc9  turn_counter_Clockwise         
00000dfd  oi_alloc                       
00000e09  oi_free                        
00000e19  oi_init_noupdate               
00000e3d  oi_init                        
00000e53  oi_close                       
00000e65  oi_update                      
00000eb7  oi_parsePacket                 
000013c1  oi_setLeds                     
00001405  oi_setWheels                   
00001447  oi_loadSong                    
0000149d  oi_play_song                   
000014b1  go_charge                      
000014bf  oi_uartInit                    
00001547  oi_uartSendChar                
00001563  oi_uartReceive                 
0000158b  oi_uartSendStr                 
000015a9  oi_uartSendBuff                
000015db  oi_checkFirmware               
00001683  oi_shutoff_init                
000016f5  GPIOF_Handler                  
0000170f  getDegrees                     
00001885  __TI_printfi                   
000022e3  _nop                           
00002555  TIMER3B_Handler                
000025b3  pulse_init                     
00002653  send_pulse                     
000026ab  time2dist                      
00002725  getIsDone                      
00002735  getOver                        
000027a1  scan_init                      
000027b1  scan                           
00002945  find_edge                      
00002b71  __aeabi_dsub                   
00002b7b  __aeabi_dadd                   
00002d27  __aeabi_idiv0                  
00002d27  __aeabi_ldiv0                  
00002d29  timer_waitMillis               
00002d5d  timer_waitMicros               
00002d87  timer_startTimer               
00002dd7  timer_stopTimer                
00002ded  timer_startClock               
00002e39  timer_getClock                 
00002e3f  timer_stopClock                
00002fbd  __aeabi_ddiv                   
00003215  uart_init                      
0000329d  uart_sendChar                  
000032b9  uart_receive                   
000032c8  __STACK_SIZE                   
000032c8  __SYSMEM_SIZE                  
000032df  uart_sendStr                   
00003331  fputs                          
00003445  ldexp                          
00003445  ldexpl                         
00003445  scalbn                         
00003445  scalbnl                        
00003555  __aeabi_dmul                   
00003651  servo_init                     
000036d3  getCount                       
000036d9  servo_move                     
00003745  setvbuf                        
00003821  free                           
000038f9  adc_init                       
0000396b  get_adc_data                   
00003a7f  __aeabi_memcpy                 
00003a7f  __aeabi_memcpy4                
00003a7f  __aeabi_memcpy8                
00003a7f  memcpy                         
00003b1b  __aeabi_uldivmod               
00003bb1  fputc                          
00003bb1  putc                           
00003c3d  __aeabi_cdcmpeq                
00003c3d  __aeabi_cdcmple                
00003cc3  __aeabi_cdrcmple               
00003d49  __aeabi_memclr                 
00003d49  __aeabi_memclr4                
00003d49  __aeabi_memclr8                
00003d4b  __aeabi_memset                 
00003d4b  __aeabi_memset4                
00003d4b  __aeabi_memset8                
00003d51  memset                         
00003dc5  malloc                         
00003e3d  __TI_closefile                 
00003f21  HOSTlseek                      
00003f89  HOSTrename                     
00003ff1  __TI_decompress_lzss           
00004059  printf                         
000040c1  frexp                          
000040c1  frexpl                         
00004125  fseek                          
00004189  __TI_wrt_ok                    
000041ed  HOSTopen                       
0000424d  close                          
000042a9  HOSTread                       
00004301  HOSTwrite                      
000043af  ltoa                           
00004455  __TI_doflush                   
000044a1  atoi                           
000044ed  exit                           
00004535  __aeabi_d2iz                   
0000457d  HOSTclose                      
000045c1  HOSTunlink                     
00004605  __TI_auto_init_nobinit_nopinit 
00004649  getdevice                      
0000468d  sprintf                        
00004749  __TI_writemsg                  
00004777  C$$IO$$                        
00004781  _c_int00_noargs                
000047b9  minit                          
000047f1  strncpy                        
00004829  IntRegister                    
0000485d  __TI_cleanup                   
00004891  __TI_readmsg                   
000048c5  finddevice                     
000048f5  __aeabi_i2d                    
00004925  remove                         
00004925  unlink                         
00004951  calloc                         
0000497d  lseek                          
000049cd  write                          
000049f5  memchr                         
00004a15  memccpy                        
00004a49  oi_parseInt                    
00004a61  strcmp                         
00004a79  strchr                         
00004a8f  copysign                       
00004a8f  copysignl                      
00004aa3  strcpy                         
00004ab7  strlen                         
00004acb  wcslen                         
00004add  IntMasterEnable                
00004aed  __TI_decompress_none           
00004afb  CPUcpsie                       
00004b07  __TI_zero_init                 
00004b13  ResetISR                       
00004b29  __aeabi_errno_addr             
00004b39  _system_pre_init               
00004b3d  C$$EXIT                        
00004b3d  abort                          
00004b40  _ctypes_                       
00004cc4  __TI_Handler_Table_Base        
00004cd0  __TI_Handler_Table_Limit       
00004ce0  __TI_CINIT_Base                
00004cf8  __TI_CINIT_Limit               
20000000  g_pfnRAMVectors                
20000270  __stack                        
20000470  __STACK_TOP                    
20003538  __STACK_END                    
20003538  _sys_memory                    
20006800  _ftable                        
200068f0  _device                        
20006968  _stream                        
200069c8  __TI_ft_end                    
200069cc  __aeabi_stdin                  
200069d0  __aeabi_stdout                 
200069d4  __aeabi_stderr                 
200069d8  __TI_cleanup_ptr               
200069dc  __TI_dtors_ptr                 
200069e0  __TI_enable_exit_profile_output
200069f0  _lock                          
200069f4  _unlock                        
200069f8  over                           
200069fc  errno                          
20006a00  count                          
20006a04  __CIOBUF_                      
20006b24  __TI_tmpnams                   
20006bdc  parmbuf                        
20006be4  falling_time                   
20006be8  rising_time                    
20006bec  state                          
ffffffff  __TI_pprof_out_hndl            
ffffffff  __TI_prof_data_size            
ffffffff  __TI_prof_data_start           
ffffffff  __binit__                      
ffffffff  __c_args__                     
ffffffff  binit                          
UNDEFED   __mpu_init                     
UNDEFED   _system_post_cinit             

[186 symbols]
